
    <div data-something="some value" style="font-weight:bold;">
        Hi Daffy!
    </div>
